Component: ARM Compiler 5.06 update 3 (build 300) Tool: armlink [4d35c9]

==============================================================================

Section Cross References

    startup_tm4c123.o(STACK) refers (Special) to heapauxi.o(.text) for __use_two_region_memory
    startup_tm4c123.o(HEAP) refers (Special) to heapauxi.o(.text) for __use_two_region_memory
    startup_tm4c123.o(RESET) refers (Special) to heapauxi.o(.text) for __use_two_region_memory
    startup_tm4c123.o(RESET) refers to startup_tm4c123.o(STACK) for __initial_sp
    startup_tm4c123.o(RESET) refers to startup_tm4c123.o(.text) for Reset_Handler
    startup_tm4c123.o(.text) refers (Special) to heapauxi.o(.text) for __use_two_region_memory
    startup_tm4c123.o(.text) refers to system_tm4c123.o(i.SystemInit) for SystemInit
    startup_tm4c123.o(.text) refers to main.o(.text) for Main
    startup_tm4c123.o(.text) refers to startup_tm4c123.o(HEAP) for Heap_Mem
    startup_tm4c123.o(.text) refers to startup_tm4c123.o(STACK) for Stack_Mem
    system_tm4c123.o(i.SystemCoreClockUpdate) refers to system_tm4c123.o(i.getOscClk) for getOscClk
    system_tm4c123.o(i.SystemCoreClockUpdate) refers to system_tm4c123.o(.data) for SystemCoreClock


==============================================================================

Image Symbol Table

    Local Symbols

    Symbol Name                              Value     Ov Type        Size  Object(Section)

    RESET                                    0x00000000   Section      620  startup_tm4c123.o(RESET)
    ../clib/heapaux.c                        0x00000000   Number         0  heapauxi.o ABSOLUTE
    RTE\Device\TM4C1230H6PM\startup_TM4C123.s 0x00000000   Number         0  startup_tm4c123.o ABSOLUTE
    RTE\Device\TM4C1230H6PM\system_TM4C123.c 0x00000000   Number         0  system_tm4c123.o ABSOLUTE
    RTE\\Device\\TM4C1230H6PM\\system_TM4C123.c 0x00000000   Number         0  system_tm4c123.o ABSOLUTE
    dc.s                                     0x00000000   Number         0  dc.o ABSOLUTE
    main.s                                   0x00000000   Number         0  main.o ABSOLUTE
    .rev16_text                              0x0000026c   Section        4  system_tm4c123.o(.rev16_text)
    $v0                                      0x0000026c   Number         0  system_tm4c123.o(.rev16_text)
    .revsh_text                              0x00000270   Section        4  system_tm4c123.o(.revsh_text)
    $v0                                      0x00000270   Number         0  system_tm4c123.o(.revsh_text)
    .rrx_text                                0x00000274   Section        6  system_tm4c123.o(.rrx_text)
    $v0                                      0x00000274   Number         0  system_tm4c123.o(.rrx_text)
    .text                                    0x0000027c   Section       64  main.o(.text)
    $v0                                      0x0000027c   Number         0  main.o(.text)
    .text                                    0x000002bc   Section      276  startup_tm4c123.o(.text)
    $v0                                      0x000002bc   Number         0  startup_tm4c123.o(.text)
    .text                                    0x000003d0   Section        0  heapauxi.o(.text)
    i.SystemCoreClockUpdate                  0x000003d8   Section        0  system_tm4c123.o(i.SystemCoreClockUpdate)
    i.SystemInit                             0x0000049c   Section        0  system_tm4c123.o(i.SystemInit)
    i.getOscClk                              0x00000534   Section        0  system_tm4c123.o(i.getOscClk)
    getOscClk                                0x00000535   Thumb Code   182  system_tm4c123.o(i.getOscClk)
    .data                                    0x20000000   Section        4  system_tm4c123.o(.data)
    HEAP                                     0x20000008   Section        0  startup_tm4c123.o(HEAP)
    STACK                                    0x20000008   Section      512  startup_tm4c123.o(STACK)
    Heap_Mem                                 0x20000008   Data           0  startup_tm4c123.o(HEAP)
    Stack_Mem                                0x20000008   Data         512  startup_tm4c123.o(STACK)
    __initial_sp                             0x20000208   Data           0  startup_tm4c123.o(STACK)

    Global Symbols

    Symbol Name                              Value     Ov Type        Size  Object(Section)

    BuildAttributes$$THM_ISAv4$E$P$D$K$B$S$7EM$VFPi3$EXTD16$VFPS$VFMA$PE$A:L22UL41UL21$X:L11$S22US41US21$IEEE1$IW$USESV6$~STKCKD$USESV7$~SHL$OSPACE$ROPI$EBA8$STANDARDLIB$REQ8$PRES8$EABIv2 0x00000000   Number         0  anon$$obj.o ABSOLUTE
    __Vectors                                0x00000000   Data           4  startup_tm4c123.o(RESET)
    __Vectors_End                            0x0000026c   Data           0  startup_tm4c123.o(RESET)
    __Vectors_Size                           0x0000026c   Number         0  startup_tm4c123.o ABSOLUTE
    __asm___16_system_TM4C123_c_5d646a67____REV16 0x0000026d   Thumb Code     4  system_tm4c123.o(.rev16_text)
    __asm___16_system_TM4C123_c_5d646a67____REVSH 0x00000271   Thumb Code     4  system_tm4c123.o(.revsh_text)
    __asm___16_system_TM4C123_c_5d646a67____RRX 0x00000275   Thumb Code     6  system_tm4c123.o(.rrx_text)
    Main                                     0x0000027d   Thumb Code     0  main.o(.text)
    Reset_Handler                            0x000002bd   Thumb Code     8  startup_tm4c123.o(.text)
    NMI_Handler                              0x000002c5   Thumb Code     2  startup_tm4c123.o(.text)
    HardFault_Handler                        0x000002c7   Thumb Code     2  startup_tm4c123.o(.text)
    MemManage_Handler                        0x000002c9   Thumb Code     2  startup_tm4c123.o(.text)
    BusFault_Handler                         0x000002cb   Thumb Code     2  startup_tm4c123.o(.text)
    UsageFault_Handler                       0x000002cd   Thumb Code     2  startup_tm4c123.o(.text)
    SVC_Handler                              0x000002cf   Thumb Code     2  startup_tm4c123.o(.text)
    DebugMon_Handler                         0x000002d1   Thumb Code     2  startup_tm4c123.o(.text)
    PendSV_Handler                           0x000002d3   Thumb Code     2  startup_tm4c123.o(.text)
    SysTick_Handler                          0x000002d5   Thumb Code     2  startup_tm4c123.o(.text)
    GPIOA_Handler                            0x000002d7   Thumb Code     2  startup_tm4c123.o(.text)
    GPIOB_Handler                            0x000002d9   Thumb Code     2  startup_tm4c123.o(.text)
    GPIOC_Handler                            0x000002db   Thumb Code     2  startup_tm4c123.o(.text)
    GPIOD_Handler                            0x000002dd   Thumb Code     2  startup_tm4c123.o(.text)
    GPIOE_Handler                            0x000002df   Thumb Code     2  startup_tm4c123.o(.text)
    UART0_Handler                            0x000002e1   Thumb Code     2  startup_tm4c123.o(.text)
    UART1_Handler                            0x000002e3   Thumb Code     2  startup_tm4c123.o(.text)
    SSI0_Handler                             0x000002e5   Thumb Code     2  startup_tm4c123.o(.text)
    I2C0_Handler                             0x000002e7   Thumb Code     2  startup_tm4c123.o(.text)
    PMW0_FAULT_Handler                       0x000002e9   Thumb Code     2  startup_tm4c123.o(.text)
    PWM0_0_Handler                           0x000002eb   Thumb Code     2  startup_tm4c123.o(.text)
    PWM0_1_Handler                           0x000002ed   Thumb Code     2  startup_tm4c123.o(.text)
    PWM0_2_Handler                           0x000002ef   Thumb Code     2  startup_tm4c123.o(.text)
    QEI0_Handler                             0x000002f1   Thumb Code     2  startup_tm4c123.o(.text)
    ADC0SS0_Handler                          0x000002f3   Thumb Code     2  startup_tm4c123.o(.text)
    ADC0SS1_Handler                          0x000002f5   Thumb Code     2  startup_tm4c123.o(.text)
    ADC0SS2_Handler                          0x000002f7   Thumb Code     2  startup_tm4c123.o(.text)
    ADC0SS3_Handler                          0x000002f9   Thumb Code     2  startup_tm4c123.o(.text)
    WDT0_Handler                             0x000002fb   Thumb Code     2  startup_tm4c123.o(.text)
    TIMER0A_Handler                          0x000002fd   Thumb Code     2  startup_tm4c123.o(.text)
    TIMER0B_Handler                          0x000002ff   Thumb Code     2  startup_tm4c123.o(.text)
    TIMER1A_Handler                          0x00000301   Thumb Code     2  startup_tm4c123.o(.text)
    TIMER1B_Handler                          0x00000303   Thumb Code     2  startup_tm4c123.o(.text)
    TIMER2A_Handler                          0x00000305   Thumb Code     2  startup_tm4c123.o(.text)
    TIMER2B_Handler                          0x00000307   Thumb Code     2  startup_tm4c123.o(.text)
    COMP0_Handler                            0x00000309   Thumb Code     2  startup_tm4c123.o(.text)
    COMP1_Handler                            0x0000030b   Thumb Code     2  startup_tm4c123.o(.text)
    COMP2_Handler                            0x0000030d   Thumb Code     2  startup_tm4c123.o(.text)
    SYSCTL_Handler                           0x0000030f   Thumb Code     2  startup_tm4c123.o(.text)
    FLASH_Handler                            0x00000311   Thumb Code     2  startup_tm4c123.o(.text)
    GPIOF_Handler                            0x00000313   Thumb Code     2  startup_tm4c123.o(.text)
    GPIOG_Handler                            0x00000315   Thumb Code     2  startup_tm4c123.o(.text)
    GPIOH_Handler                            0x00000317   Thumb Code     2  startup_tm4c123.o(.text)
    UART2_Handler                            0x00000319   Thumb Code     2  startup_tm4c123.o(.text)
    SSI1_Handler                             0x0000031b   Thumb Code     2  startup_tm4c123.o(.text)
    TIMER3A_Handler                          0x0000031d   Thumb Code     2  startup_tm4c123.o(.text)
    TIMER3B_Handler                          0x0000031f   Thumb Code     2  startup_tm4c123.o(.text)
    I2C1_Handler                             0x00000321   Thumb Code     2  startup_tm4c123.o(.text)
    QEI1_Handler                             0x00000323   Thumb Code     2  startup_tm4c123.o(.text)
    CAN0_Handler                             0x00000325   Thumb Code     2  startup_tm4c123.o(.text)
    CAN1_Handler                             0x00000327   Thumb Code     2  startup_tm4c123.o(.text)
    CAN2_Handler                             0x00000329   Thumb Code     2  startup_tm4c123.o(.text)
    HIB_Handler                              0x0000032b   Thumb Code     2  startup_tm4c123.o(.text)
    USB0_Handler                             0x0000032d   Thumb Code     2  startup_tm4c123.o(.text)
    PWM0_3_Handler                           0x0000032f   Thumb Code     2  startup_tm4c123.o(.text)
    UDMA_Handler                             0x00000331   Thumb Code     2  startup_tm4c123.o(.text)
    UDMAERR_Handler                          0x00000333   Thumb Code     2  startup_tm4c123.o(.text)
    ADC1SS0_Handler                          0x00000335   Thumb Code     2  startup_tm4c123.o(.text)
    ADC1SS1_Handler                          0x00000337   Thumb Code     2  startup_tm4c123.o(.text)
    ADC1SS2_Handler                          0x00000339   Thumb Code     2  startup_tm4c123.o(.text)
    ADC1SS3_Handler                          0x0000033b   Thumb Code     2  startup_tm4c123.o(.text)
    GPIOJ_Handler                            0x0000033d   Thumb Code     2  startup_tm4c123.o(.text)
    GPIOK_Handler                            0x0000033f   Thumb Code     2  startup_tm4c123.o(.text)
    GPIOL_Handler                            0x00000341   Thumb Code     2  startup_tm4c123.o(.text)
    SSI2_Handler                             0x00000343   Thumb Code     2  startup_tm4c123.o(.text)
    SSI3_Handler                             0x00000345   Thumb Code     2  startup_tm4c123.o(.text)
    UART3_Handler                            0x00000347   Thumb Code     2  startup_tm4c123.o(.text)
    UART4_Handler                            0x00000349   Thumb Code     2  startup_tm4c123.o(.text)
    UART5_Handler                            0x0000034b   Thumb Code     2  startup_tm4c123.o(.text)
    UART6_Handler                            0x0000034d   Thumb Code     2  startup_tm4c123.o(.text)
    UART7_Handler                            0x0000034f   Thumb Code     2  startup_tm4c123.o(.text)
    I2C2_Handler                             0x00000351   Thumb Code     2  startup_tm4c123.o(.text)
    I2C3_Handler                             0x00000353   Thumb Code     2  startup_tm4c123.o(.text)
    TIMER4A_Handler                          0x00000355   Thumb Code     2  startup_tm4c123.o(.text)
    TIMER4B_Handler                          0x00000357   Thumb Code     2  startup_tm4c123.o(.text)
    TIMER5A_Handler                          0x00000359   Thumb Code     2  startup_tm4c123.o(.text)
    TIMER5B_Handler                          0x0000035b   Thumb Code     2  startup_tm4c123.o(.text)
    WTIMER0A_Handler                         0x0000035d   Thumb Code     2  startup_tm4c123.o(.text)
    WTIMER0B_Handler                         0x0000035f   Thumb Code     2  startup_tm4c123.o(.text)
    WTIMER1A_Handler                         0x00000361   Thumb Code     2  startup_tm4c123.o(.text)
    WTIMER1B_Handler                         0x00000363   Thumb Code     2  startup_tm4c123.o(.text)
    WTIMER2A_Handler                         0x00000365   Thumb Code     2  startup_tm4c123.o(.text)
    WTIMER2B_Handler                         0x00000367   Thumb Code     2  startup_tm4c123.o(.text)
    WTIMER3A_Handler                         0x00000369   Thumb Code     2  startup_tm4c123.o(.text)
    WTIMER3B_Handler                         0x0000036b   Thumb Code     2  startup_tm4c123.o(.text)
    WTIMER4A_Handler                         0x0000036d   Thumb Code     2  startup_tm4c123.o(.text)
    WTIMER4B_Handler                         0x0000036f   Thumb Code     2  startup_tm4c123.o(.text)
    WTIMER5A_Handler                         0x00000371   Thumb Code     2  startup_tm4c123.o(.text)
    WTIMER5B_Handler                         0x00000373   Thumb Code     2  startup_tm4c123.o(.text)
    FPU_Handler                              0x00000375   Thumb Code     2  startup_tm4c123.o(.text)
    I2C4_Handler                             0x00000377   Thumb Code     2  startup_tm4c123.o(.text)
    I2C5_Handler                             0x00000379   Thumb Code     2  startup_tm4c123.o(.text)
    GPIOM_Handler                            0x0000037b   Thumb Code     2  startup_tm4c123.o(.text)
    GPION_Handler                            0x0000037d   Thumb Code     2  startup_tm4c123.o(.text)
    QEI2_Handler                             0x0000037f   Thumb Code     2  startup_tm4c123.o(.text)
    GPIOP0_Handler                           0x00000381   Thumb Code     2  startup_tm4c123.o(.text)
    GPIOP1_Handler                           0x00000383   Thumb Code     2  startup_tm4c123.o(.text)
    GPIOP2_Handler                           0x00000385   Thumb Code     2  startup_tm4c123.o(.text)
    GPIOP3_Handler                           0x00000387   Thumb Code     2  startup_tm4c123.o(.text)
    GPIOP4_Handler                           0x00000389   Thumb Code     2  startup_tm4c123.o(.text)
    GPIOP5_Handler                           0x0000038b   Thumb Code     2  startup_tm4c123.o(.text)
    GPIOP6_Handler                           0x0000038d   Thumb Code     2  startup_tm4c123.o(.text)
    GPIOP7_Handler                           0x0000038f   Thumb Code     2  startup_tm4c123.o(.text)
    GPIOQ0_Handler                           0x00000391   Thumb Code     2  startup_tm4c123.o(.text)
    GPIOQ1_Handler                           0x00000393   Thumb Code     2  startup_tm4c123.o(.text)
    GPIOQ2_Handler                           0x00000395   Thumb Code     2  startup_tm4c123.o(.text)
    GPIOQ3_Handler                           0x00000397   Thumb Code     2  startup_tm4c123.o(.text)
    GPIOQ4_Handler                           0x00000399   Thumb Code     2  startup_tm4c123.o(.text)
    GPIOQ5_Handler                           0x0000039b   Thumb Code     2  startup_tm4c123.o(.text)
    GPIOQ6_Handler                           0x0000039d   Thumb Code     2  startup_tm4c123.o(.text)
    GPIOQ7_Handler                           0x0000039f   Thumb Code     2  startup_tm4c123.o(.text)
    GPIOR_Handler                            0x000003a1   Thumb Code     2  startup_tm4c123.o(.text)
    GPIOS_Handler                            0x000003a3   Thumb Code     2  startup_tm4c123.o(.text)
    PMW1_0_Handler                           0x000003a5   Thumb Code     2  startup_tm4c123.o(.text)
    PWM1_1_Handler                           0x000003a7   Thumb Code     2  startup_tm4c123.o(.text)
    PWM1_2_Handler                           0x000003a9   Thumb Code     2  startup_tm4c123.o(.text)
    PWM1_3_Handler                           0x000003ab   Thumb Code     2  startup_tm4c123.o(.text)
    PWM1_FAULT_Handler                       0x000003ad   Thumb Code     2  startup_tm4c123.o(.text)
    __user_initial_stackheap                 0x000003b1   Thumb Code     0  startup_tm4c123.o(.text)
    __use_two_region_memory                  0x000003d1   Thumb Code     2  heapauxi.o(.text)
    __rt_heap_escrow$2region                 0x000003d3   Thumb Code     2  heapauxi.o(.text)
    __rt_heap_expand$2region                 0x000003d5   Thumb Code     2  heapauxi.o(.text)
    SystemCoreClockUpdate                    0x000003d9   Thumb Code   184  system_tm4c123.o(i.SystemCoreClockUpdate)
    SystemInit                               0x0000049d   Thumb Code   112  system_tm4c123.o(i.SystemInit)
    SystemCoreClock                          0x20000000   Data           4  system_tm4c123.o(.data)



==============================================================================

Memory Map of the image

  Image entry point : Not specified.

  Load Region LR_IROM1 (Base: 0x00000000, Size: 0x0000062c, Max: 0x00040000, ABSOLUTE)

    Execution Region ER_IROM1 (Base: 0x00000000, Size: 0x00000628, Max: 0x00040000, ABSOLUTE)

    Base Addr    Size         Type   Attr      Idx    E Section Name        Object

    0x00000000   0x0000026c   Data   RO            8    RESET               startup_tm4c123.o
    0x0000026c   0x00000004   Code   RO           13    .rev16_text         system_tm4c123.o
    0x00000270   0x00000004   Code   RO           14    .revsh_text         system_tm4c123.o
    0x00000274   0x00000006   Code   RO           15    .rrx_text           system_tm4c123.o
    0x0000027a   0x00000002   PAD
    0x0000027c   0x00000040   Code   RO            1    .text               main.o
    0x000002bc   0x00000114   Code   RO            9    .text               startup_tm4c123.o
    0x000003d0   0x00000006   Code   RO           82    .text               c_w.l(heapauxi.o)
    0x000003d6   0x00000002   PAD
    0x000003d8   0x000000c4   Code   RO           16    i.SystemCoreClockUpdate  system_tm4c123.o
    0x0000049c   0x00000098   Code   RO           17    i.SystemInit        system_tm4c123.o
    0x00000534   0x000000f4   Code   RO           18    i.getOscClk         system_tm4c123.o


    Execution Region RW_IRAM1 (Base: 0x20000000, Size: 0x00000208, Max: 0x00008000, ABSOLUTE)

    Base Addr    Size         Type   Attr      Idx    E Section Name        Object

    0x20000000   0x00000004   Data   RW           19    .data               system_tm4c123.o
    0x20000004   0x00000004   PAD
    0x20000008   0x00000000   Zero   RW            7    HEAP                startup_tm4c123.o
    0x20000008   0x00000200   Zero   RW            6    STACK               startup_tm4c123.o


==============================================================================

Image component sizes


      Code (inc. data)   RO Data    RW Data    ZI Data      Debug   Object Name

        64         16          0          0          0        276   main.o
       276         24        620          0        512       5472   startup_tm4c123.o
       606        138          0          4          0       8435   system_tm4c123.o

    ----------------------------------------------------------------------
       948        178        620          4        516      14183   Object Totals
         0          0          0          0          0          0   (incl. Generated)
         2          0          0          0          4          0   (incl. Padding)

    ----------------------------------------------------------------------

      Code (inc. data)   RO Data    RW Data    ZI Data      Debug   Library Member Name

         6          0          0          0          0        152   heapauxi.o

    ----------------------------------------------------------------------
         8          0          0          0          0        152   Library Totals
         2          0          0          0          0          0   (incl. Padding)

    ----------------------------------------------------------------------

      Code (inc. data)   RO Data    RW Data    ZI Data      Debug   Library Name

         6          0          0          0          0        152   c_w.l

    ----------------------------------------------------------------------
         8          0          0          0          0        152   Library Totals

    ----------------------------------------------------------------------

==============================================================================


      Code (inc. data)   RO Data    RW Data    ZI Data      Debug   

       956        178        620          4        516      13935   Grand Totals
       956        178        620          4        516      13935   ELF Image Totals
       956        178        620          4          0          0   ROM Totals

==============================================================================

    Total RO  Size (Code + RO Data)                 1576 (   1.54kB)
    Total RW  Size (RW Data + ZI Data)               520 (   0.51kB)
    Total ROM Size (Code + RO Data + RW Data)       1580 (   1.54kB)

==============================================================================

